<html>
<body>
<pre>
<h1>µVision Build Log</h1>
<h2>Tool Versions:</h2>
IDE-Version: ¦ÌVision V5.33.0.0
Copyright (C) 2020 ARM Ltd and ARM Germany GmbH. All rights reserved.
License Information: Zale T, FZ, LIC=VGXG8-3E5VX-WFZI7-E1USJ-C9LMY-38GV3
 
Tool Versions:
Toolchain:       MDK-ARM Plus  Version: 5.33.0.0
Toolchain Path:  C:\Program Files\Keil_v5\ARM\ARMCLANG\Bin
C Compiler:      ArmClang.exe V6.15
Assembler:       Armasm.exe V6.15
Linker/Locator:  ArmLink.exe V6.15
Library Manager: ArmAr.exe V6.15
Hex Converter:   FromElf.exe V6.15
CPU DLL:         SARMCM3.DLL V5.33.0.0
Dialog DLL:      DCM.DLL V1.17.3.0
Target DLL:      UL2CM3.DLL V1.163.9.0
Dialog DLL:      TCM.DLL V1.48.0.0
 
<h2>Project:</h2>
E:\Works\Zheng's\FingerSim\FingerSim.uvprojx
Project File Date:  02/02/2021

<h2>Output:</h2>
*** Using Compiler 'V6.15', folder: 'C:\Program Files\Keil_v5\ARM\ARMCLANG\Bin'
Rebuild target 'Target 1'
C:/Program Files/Keil_v5/Packs/Keil/STM32F1xx_DFP/2.3.0/Device/StdPeriph_Driver/src/stm32f10x_exti.c(23): warning: In file included from...
C:/Program Files/Keil_v5/Packs/Keil/STM32F1xx_DFP/2.3.0/Device/StdPeriph_Driver/inc\stm32f10x_exti.h(76): warning: padding size of 'EXTI_InitTypeDef' with 1 byte to alignment boundary [-Wpadded]
typedef struct
        ^
1 warning generated.
compiling stm32f10x_exti.c...
MyCode/src/math.c(11): warning: In file included from...
./MyCode/inc/math.h(11): warning: In file included from...
./MyCode/inc/include.h(18): warning: In file included from...
./MyCode/inc/HardwareDriver.h(15): warning: this function declaration is not a prototype [-Wstrict-prototypes]
void PWMCfg();
           ^
            void
./MyCode/inc/HardwareDriver.h(19): warning: this function declaration is not a prototype [-Wstrict-prototypes]
u16 Get_Adc();
           ^
            void
./MyCode/inc/HardwareDriver.h(20): warning: this function declaration is not a prototype [-Wstrict-prototypes]
float GetAdcDeal();
                ^
                 void
./MyCode/inc/HardwareDriver.h(22): warning: no newline at end of file [-Wnewline-eof]
#endif
      ^
4 warnings generated.
compiling math.c...
C:/Program Files/Keil_v5/Packs/Keil/STM32F1xx_DFP/2.3.0/Device/StdPeriph_Driver/src/misc.c(132): warning: implicit conversion loses integer precision: 'uint32_t' (aka 'unsigned int') to 'uint8_t' (aka 'unsigned char') [-Wimplicit-int-conversion]
    NVIC->IP[NVIC_InitStruct->NVIC_IRQChannel] = tmppriority;
                                               ~ ^~~~~~~~~~~
1 warning generated.
compiling misc.c...
MyCode/main.c(9): warning: In file included from...
./MyCode/inc/include.h(18): warning: In file included from...
./MyCode/inc/HardwareDriver.h(15): warning: this function declaration is not a prototype [-Wstrict-prototypes]
void PWMCfg();
           ^
            void
./MyCode/inc/HardwareDriver.h(19): warning: this function declaration is not a prototype [-Wstrict-prototypes]
u16 Get_Adc();
           ^
            void
./MyCode/inc/HardwareDriver.h(20): warning: this function declaration is not a prototype [-Wstrict-prototypes]
float GetAdcDeal();
                ^
                 void
./MyCode/inc/HardwareDriver.h(22): warning: no newline at end of file [-Wnewline-eof]
#endif
      ^
MyCode/main.c(26): warning: implicit conversion turns floating-point number into integer: 'float' to 'int' [-Wfloat-conversion]
        PWMCtrl(FingerAngle);
        ~~~~~~~ ^~~~~~~~~~~
MyCode/main.c(28): warning: no newline at end of file [-Wnewline-eof]
}
 ^
6 warnings generated.
compiling main.c...
MyCode/src/Delay.c(10): warning: In file included from...
./MyCode/inc\Delay.h(12): warning: In file included from...
./MyCode/inc/include.h(18): warning: In file included from...
./MyCode/inc/HardwareDriver.h(15): warning: this function declaration is not a prototype [-Wstrict-prototypes]
void PWMCfg();
           ^
            void
./MyCode/inc/HardwareDriver.h(19): warning: this function declaration is not a prototype [-Wstrict-prototypes]
u16 Get_Adc();
           ^
            void
./MyCode/inc/HardwareDriver.h(20): warning: this function declaration is not a prototype [-Wstrict-prototypes]
float GetAdcDeal();
                ^
                 void
./MyCode/inc/HardwareDriver.h(22): warning: no newline at end of file [-Wnewline-eof]
#endif
      ^
MyCode/src/Delay.c(10): warning: In file included from...
./MyCode/inc\Delay.h(13): warning: this function declaration is not a prototype [-Wstrict-prototypes]
void delay_init();
               ^
                void
./MyCode/inc\Delay.h(16): warning: no newline at end of file [-Wnewline-eof]
#endif
      ^
MyCode/src/Delay.c(23): warning: implicit conversion loses integer precision: 'unsigned int' to 'u8' (aka 'unsigned char') [-Wimplicit-int-conversion]
        fac_us=SystemCoreClock/8000000;
              ~~~~~~~~~~~~~~~~^~~~~~~~
MyCode/src/Delay.c(20): warning: no previous prototype for function 'delay_init' [-Wmissing-prototypes]
void delay_init()        
     ^
./MyCode/inc\Delay.h(13): note: this declaration is not a prototype; add 'void' to make it a prototype for a zero-parameter function
void delay_init();
     ^
                void
MyCode/src/Delay.c(20): warning: this old-style function definition is not preceded by a prototype [-Wstrict-prototypes]
void delay_init()        
               ^
MyCode/src/Delay.c(63): warning: no newline at end of file [-Wnewline-eof]
}
 ^
10 warnings generated.
compiling Delay.c...
MyCode/src/HardwareDriver.c(11): warning: In file included from...
./MyCode/inc/HardwareDriver.h(13): warning: In file included from...
./MyCode/inc/include.h(18): warning: In file included from...
./MyCode/inc/HardwareDriver.h(22): warning: no newline at end of file [-Wnewline-eof]
#endif
      ^
MyCode/src/HardwareDriver.c(11): warning: In file included from...
./MyCode/inc/HardwareDriver.h(15): warning: this function declaration is not a prototype [-Wstrict-prototypes]
void PWMCfg();
           ^
            void
./MyCode/inc/HardwareDriver.h(19): warning: this function declaration is not a prototype [-Wstrict-prototypes]
u16 Get_Adc();
           ^
            void
./MyCode/inc/HardwareDriver.h(20): warning: this function declaration is not a prototype [-Wstrict-prototypes]
float GetAdcDeal();
                ^
                 void
./MyCode/inc/HardwareDriver.h(22): warning: no newline at end of file [-Wnewline-eof]
#endif
      ^
MyCode/src/HardwareDriver.c(11): warning: In file included from...
./MyCode/inc/HardwareDriver.h(13): warning: In file included from...
./MyCode/inc/include.h(16): warning: In file included from...
./RTE/Device/STM32F103R8\stm32f10x_conf.h(30): warning: In file included from...
C:/Program Files/Keil_v5/Packs/Keil/STM32F1xx_DFP/2.3.0/Device/StdPeriph_Driver/inc\stm32f10x_adc.h(64): warning: padding struct 'ADC_InitTypeDef' with 2 bytes to align 'ADC_ExternalTrigConv' [-Wpadded]
  uint32_t ADC_ExternalTrigConv;          /*!< Defines the external trigger used to start the analog
           ^
C:/Program Files/Keil_v5/Packs/Keil/STM32F1xx_DFP/2.3.0/Device/StdPeriph_Driver/inc\stm32f10x_adc.h(50): warning: padding size of 'ADC_InitTypeDef' with 3 bytes to alignment boundary [-Wpadded]
typedef struct
        ^
MyCode/src/HardwareDriver.c(63): warning: no previous prototype for function 'Get_Adc' [-Wmissing-prototypes]
u16 Get_Adc()   
    ^
./MyCode/inc/HardwareDriver.h(19): note: this declaration is not a prototype; add 'void' to make it a prototype for a zero-parameter function
u16 Get_Adc();
    ^
            void
MyCode/src/HardwareDriver.c(63): warning: this old-style function definition is not preceded by a prototype [-Wstrict-prototypes]
u16 Get_Adc()   
           ^
MyCode/src/HardwareDriver.c(98): warning: self-comparison always evaluates to false [-Wtautological-compare]
                if(tmp[i]>tmp[i])
                         ^
MyCode/src/HardwareDriver.c(112): warning: implicit conversion from 'int' to 'float' may lose precision [-Wimplicit-int-float-conversion]
        return sum/10;
        ~~~~~~ ~~~^~~
MyCode/src/HardwareDriver.c(81): warning: no previous prototype for function 'GetAdcDeal' [-Wmissing-prototypes]
float GetAdcDeal()
      ^
./MyCode/inc/HardwareDriver.h(20): note: this declaration is not a prototype; add 'void' to make it a prototype for a zero-parameter function
float GetAdcDeal();
      ^
                 void
MyCode/src/HardwareDriver.c(81): warning: this old-style function definition is not preceded by a prototype [-Wstrict-prototypes]
float GetAdcDeal()
                ^
MyCode/src/HardwareDriver.c(11): warning: In file included from...
./MyCode/inc/HardwareDriver.h(13): warning: In file included from...
./MyCode/inc/include.h(16): warning: In file included from...
./RTE/Device/STM32F103R8\stm32f10x_conf.h(87): warning: In file included from...
C:/Program Files/Keil_v5/Packs/Keil/STM32F1xx_DFP/2.3.0/Device/StdPeriph_Driver/inc\stm32f10x_tim.h(51): warning: padding size of 'TIM_TimeBaseInitTypeDef' with 1 byte to alignment boundary [-Wpadded]
typedef struct
        ^
MyCode/src/HardwareDriver.c(121): warning: no previous prototype for function 'PWMCfg' [-Wmissing-prototypes]
void PWMCfg()
     ^
./MyCode/inc/HardwareDriver.h(15): note: this declaration is not a prototype; add 'void' to make it a prototype for a zero-parameter function
void PWMCfg();
     ^
            void
MyCode/src/HardwareDriver.c(121): warning: this old-style function definition is not preceded by a prototype [-Wstrict-prototypes]
void PWMCfg()
           ^
MyCode/src/HardwareDriver.c(167): warning: implicit conversion loses integer precision: 'int' to 'uint16_t' (aka 'unsigned short') [-Wimplicit-int-conversion]
        TIM_SetCompare2(TIM3,Duty);
        ~~~~~~~~~~~~~~~      ^~~~
MyCode/src/HardwareDriver.c(168): warning: no newline at end of file [-Wnewline-eof]
}
 ^
18 warnings generated.
compiling HardwareDriver.c...
C:/Program Files/Keil_v5/Packs/Keil/STM32F1xx_DFP/2.3.0/Device/StdPeriph_Driver/src/stm32f10x_adc.c(23): warning: In file included from...
C:/Program Files/Keil_v5/Packs/Keil/STM32F1xx_DFP/2.3.0/Device/StdPeriph_Driver/inc\stm32f10x_adc.h(64): warning: padding struct 'ADC_InitTypeDef' with 2 bytes to align 'ADC_ExternalTrigConv' [-Wpadded]
  uint32_t ADC_ExternalTrigConv;          /*!< Defines the external trigger used to start the analog
           ^
C:/Program Files/Keil_v5/Packs/Keil/STM32F1xx_DFP/2.3.0/Device/StdPeriph_Driver/inc\stm32f10x_adc.h(50): warning: padding size of 'ADC_InitTypeDef' with 3 bytes to alignment boundary [-Wpadded]
typedef struct
        ^
2 warnings generated.
compiling stm32f10x_adc.c...
compiling stm32f10x_gpio.c...
compiling stm32f10x_rcc.c...
C:/Program Files/Keil_v5/Packs/Keil/STM32F1xx_DFP/2.3.0/Device/StdPeriph_Driver/src/stm32f10x_i2c.c(23): warning: In file included from...
C:/Program Files/Keil_v5/Packs/Keil/STM32F1xx_DFP/2.3.0/Device/StdPeriph_Driver/inc\stm32f10x_i2c.h(50): warning: padding size of 'I2C_InitTypeDef' with 2 bytes to alignment boundary [-Wpadded]
typedef struct
        ^
1 warning generated.
compiling stm32f10x_i2c.c...
C:/Program Files/Keil_v5/Packs/Keil/STM32F1xx_DFP/2.3.0/Device/StdPeriph_Driver/src/stm32f10x_tim.c(23): warning: In file included from...
C:/Program Files/Keil_v5/Packs/Keil/STM32F1xx_DFP/2.3.0/Device/StdPeriph_Driver/inc\stm32f10x_tim.h(51): warning: padding size of 'TIM_TimeBaseInitTypeDef' with 1 byte to alignment boundary [-Wpadded]
typedef struct
        ^
C:/Program Files/Keil_v5/Packs/Keil/STM32F1xx_DFP/2.3.0/Device/StdPeriph_Driver/src/stm32f10x_tim.c(726): warning: implicit conversion loses integer precision: 'unsigned int' to 'uint16_t' (aka 'unsigned short') [-Wimplicit-int-conversion]
             TIM_BDTRInitStruct->TIM_Break | TIM_BDTRInitStruct->TIM_BreakPolarity |
             ~~~~~~~~~~~~~~~~~~~~~~~~~~~~~~~~~~~~~~~~~~~~~~~~~~~~~~~~~~~~~~~~~~~~~~^
C:/Program Files/Keil_v5/Packs/Keil/STM32F1xx_DFP/2.3.0/Device/StdPeriph_Driver/src/stm32f10x_tim.c(1983): warning: implicit conversion loses integer precision: 'int' to 'uint16_t' (aka 'unsigned short') [-Wimplicit-int-conversion]
  tmp = CCER_CCE_Set << TIM_Channel;
      ~ ~~~~~~~~~~~~~^~~~~~~~~~~~~~
C:/Program Files/Keil_v5/Packs/Keil/STM32F1xx_DFP/2.3.0/Device/StdPeriph_Driver/src/stm32f10x_tim.c(2013): warning: implicit conversion loses integer precision: 'int' to 'uint16_t' (aka 'unsigned short') [-Wimplicit-int-conversion]
  tmp = CCER_CCNE_Set << TIM_Channel;
      ~ ~~~~~~~~~~~~~~^~~~~~~~~~~~~~
C:/Program Files/Keil_v5/Packs/Keil/STM32F1xx_DFP/2.3.0/Device/StdPeriph_Driver/src/stm32f10x_tim.c(2058): warning: implicit conversion loses integer precision: 'int' to 'uint16_t' (aka 'unsigned short') [-Wimplicit-int-conversion]
  tmp1 = CCER_CCE_Set << (uint16_t)TIM_Channel;
       ~ ~~~~~~~~~~~~~^~~~~~~~~~~~~~~~~~~~~~~~
5 warnings generated.
compiling stm32f10x_tim.c...
C:/Program Files/Keil_v5/Packs/Keil/STM32F1xx_DFP/2.3.0/Device/StdPeriph_Driver/src/stm32f10x_usart.c(23): warning: In file included from...
C:/Program Files/Keil_v5/Packs/Keil/STM32F1xx_DFP/2.3.0/Device/StdPeriph_Driver/inc\stm32f10x_usart.h(50): warning: padding size of 'USART_InitTypeDef' with 2 bytes to alignment boundary [-Wpadded]
typedef struct
        ^
C:/Program Files/Keil_v5/Packs/Keil/STM32F1xx_DFP/2.3.0/Device/StdPeriph_Driver/src/stm32f10x_usart.c(1043): warning: implicit conversion loses integer precision: 'int' to 'uint16_t' (aka 'unsigned short') [-Wimplicit-int-conversion]
  itmask = ((uint16_t)0x01 << (uint16_t)bitpos);
         ~  ~~~~~~~~~~~~~~~^~~~~~~~~~~~~~~~~~~
2 warnings generated.
compiling stm32f10x_usart.c...
assembling startup_stm32f10x_md.s...
RTE/Device/STM32F103R8/system_stm32f10x.c(167): warning: no previous extern declaration for non-static variable 'AHBPrescTable' [-Wmissing-variable-declarations]
__I uint8_t AHBPrescTable[16] = {0, 0, 0, 0, 0, 0, 0, 0, 1, 2, 3, 4, 6, 7, 8, 9};
            ^
RTE/Device/STM32F103R8/system_stm32f10x.c(167): note: declare 'static' if the variable is not intended to be used outside of this translation unit
__I uint8_t AHBPrescTable[16] = {0, 0, 0, 0, 0, 0, 0, 0, 1, 2, 3, 4, 6, 7, 8, 9};
    ^
1 warning generated.
compiling system_stm32f10x.c...
linking...
Program Size: Code=3164 RO-data=252 RW-data=0 ZI-data=1632  
".\Objects\test.axf" - 0 Error(s), 51 Warning(s).

<h2>Software Packages used:</h2>

Package Vendor: ARM
                http://www.keil.com/pack/ARM.CMSIS.5.7.0.pack
                ARM.CMSIS.5.7.0
                CMSIS (Cortex Microcontroller Software Interface Standard)
   * Component: CORE Version: 5.4.0

Package Vendor: Keil
                http://www.keil.com/pack/Keil.STM32F1xx_DFP.2.3.0.pack
                Keil.STM32F1xx_DFP.2.3.0
                STMicroelectronics STM32F1 Series Device Support, Drivers and Examples
   * Component: Startup Version: 1.0.0
   * Component: ADC Version: 3.5.0
   * Component: EXTI Version: 3.5.0
   * Component: Framework Version: 3.5.1
   * Component: GPIO Version: 3.5.0
   * Component: I2C Version: 3.5.0
   * Component: RCC Version: 3.5.0
   * Component: TIM Version: 3.5.0
   * Component: USART Version: 3.5.0

<h2>Collection of Component include folders:</h2>
  .\RTE\Device\STM32F103R8
  .\RTE\_Target_1
  C:\Program Files\Keil_v5\Packs\ARM\CMSIS\5.7.0\CMSIS\Core\Include
  C:\Program Files\Keil_v5\Packs\Keil\STM32F1xx_DFP\2.3.0\Device\Include
  C:\Program Files\Keil_v5\Packs\Keil\STM32F1xx_DFP\2.3.0\Device\StdPeriph_Driver\inc

<h2>Collection of Component Files used:</h2>

   * Component: ARM::CMSIS:CORE:5.4.0

   * Component: Keil::Device:Startup:1.0.0
      Source file:   Device\Source\system_stm32f10x.c
      Include file:  RTE_Driver\Config\RTE_Device.h
      Source file:   Device\Source\ARM\STM32F1xx_OPT.s
      Source file:   Device\Source\ARM\startup_stm32f10x_md.s

   * Component: Keil::Device:StdPeriph Drivers:ADC:3.5.0
      Include file:  Device\StdPeriph_Driver\inc\stm32f10x_adc.h
      Source file:   Device\StdPeriph_Driver\src\stm32f10x_adc.c

   * Component: Keil::Device:StdPeriph Drivers:EXTI:3.5.0
      Include file:  Device\StdPeriph_Driver\inc\stm32f10x_exti.h
      Source file:   Device\StdPeriph_Driver\src\stm32f10x_exti.c

   * Component: Keil::Device:StdPeriph Drivers:Framework:3.5.1
      Source file:   Device\StdPeriph_Driver\templates\stm32f10x_conf.h
      Include file:  Device\StdPeriph_Driver\templates\stm32f10x_it.h
      Source file:   Device\StdPeriph_Driver\src\misc.c
      Include file:  Device\StdPeriph_Driver\inc\misc.h
      Source file:   Device\StdPeriph_Driver\templates\stm32f10x_it.c

   * Component: Keil::Device:StdPeriph Drivers:GPIO:3.5.0
      Source file:   Device\StdPeriph_Driver\src\stm32f10x_gpio.c
      Include file:  Device\StdPeriph_Driver\inc\stm32f10x_gpio.h

   * Component: Keil::Device:StdPeriph Drivers:I2C:3.5.0
      Include file:  Device\StdPeriph_Driver\inc\stm32f10x_i2c.h
      Source file:   Device\StdPeriph_Driver\src\stm32f10x_i2c.c

   * Component: Keil::Device:StdPeriph Drivers:RCC:3.5.0
      Source file:   Device\StdPeriph_Driver\src\stm32f10x_rcc.c
      Include file:  Device\StdPeriph_Driver\inc\stm32f10x_rcc.h

   * Component: Keil::Device:StdPeriph Drivers:TIM:3.5.0
      Include file:  Device\StdPeriph_Driver\inc\stm32f10x_tim.h
      Source file:   Device\StdPeriph_Driver\src\stm32f10x_tim.c

   * Component: Keil::Device:StdPeriph Drivers:USART:3.5.0
      Include file:  Device\StdPeriph_Driver\inc\stm32f10x_usart.h
      Source file:   Device\StdPeriph_Driver\src\stm32f10x_usart.c
Build Time Elapsed:  00:00:06
</pre>
</body>
</html>
